
> zerocode-portfolio@0.1.0 test
> vitest --watch=false


[7m[1m[36m RUN [39m[22m[27m [36mv1.6.1[39m [90mC:/Users/dgper/Proyectos/ZeroCode[39m

 [32mÔ£ô[39m src/features/projects/ecommerce/__tests__/integration.test.tsx [2m ([22m[2m1 test[22m[2m)[22m[90m 4[2mms[22m[39m
 [32mÔ£ô[39m apps/devops-shop/src/__tests__/integration.test.tsx [2m ([22m[2m1 test[22m[2m)[22m[90m 3[2mms[22m[39m
 [32mÔ£ô[39m apps/devops-shop/src/store/__tests__/slices.test.ts [2m ([22m[2m6 tests[22m[2m)[22m[90m 15[2mms[22m[39m
stderr | src\config\firebase.ts:27:10
Firebase config missing (VITE_FIREBASE_API_KEY). Using mock mode.

 [32mÔ£ô[39m src/features/projects/ecommerce/store/__tests__/slices.test.ts [2m ([22m[2m6 tests[22m[2m)[22m[90m 12[2mms[22m[39m
 [32mÔ£ô[39m src/features/projects/mudanzas-coral/tests/unit/components/Footer.test.tsx [2m ([22m[2m3 tests[22m[2m)[22m[90m 171[2mms[22m[39m
 [32mÔ£ô[39m src/features/projects/mudanzas-coral/tests/unit/components/Header.test.tsx [2m ([22m[2m2 tests[22m[2m)[22m[90m 161[2mms[22m[39m
 [33mÔØ»[39m tests/accessibility.test.tsx [2m ([22m[2m7 tests[22m [2m|[22m [31m4 failed[39m[2m)[22m[90m 213[2mms[22m[39m
[31m   [33mÔØ»[31m tests/accessibility.test.tsx[2m > [22mAccessibility Tests[2m > [22mNavbar[2m > [22mhas accessible navigation links[39m
[31m     ÔåÆ useNavigate() may be used only in the context of a <Router> component.[39m
[31m   [33mÔØ»[31m tests/accessibility.test.tsx[2m > [22mAccessibility Tests[2m > [22mNavbar[2m > [22mhas accessible mobile menu button[39m
[31m     ÔåÆ useNavigate() may be used only in the context of a <Router> component.[39m
[31m   [33mÔØ»[31m tests/accessibility.test.tsx[2m > [22mAccessibility Tests[2m > [22mFooter[2m > [22mhas accessible scroll to top button[39m
[31m     ÔåÆ useNavigate() may be used only in the context of a <Router> component.[39m
[31m   [33mÔØ»[31m tests/accessibility.test.tsx[2m > [22mAccessibility Tests[2m > [22mFooter[2m > [22mhas accessible social links[39m
[31m     ÔåÆ useNavigate() may be used only in the context of a <Router> component.[39m
stderr | tests/accessibility.test.tsx > Accessibility Tests > Navbar > has accessible navigation links
Error: Uncaught [Error: useNavigate() may be used only in the context of a <Router> component.]
    at reportException (C:\Users\dgper\Proyectos\ZeroCode\node_modules\jsdom\lib\jsdom\living\helpers\runtime-script-errors.js:66:24)
    at innerInvokeEventListeners (C:\Users\dgper\Proyectos\ZeroCode\node_modules\jsdom\lib\jsdom\living\events\EventTarget-impl.js:353:9)
    at invokeEventListeners (C:\Users\dgper\Proyectos\ZeroCode\node_modules\jsdom\lib\jsdom\living\events\EventTarget-impl.js:286:3)
    at HTMLUnknownElementImpl._dispatch (C:\Users\dgper\Proyectos\ZeroCode\node_modules\jsdom\lib\jsdom\living\events\EventTarget-impl.js:233:9)
    at HTMLUnknownElementImpl.dispatchEvent (C:\Users\dgper\Proyectos\ZeroCode\node_modules\jsdom\lib\jsdom\living\events\EventTarget-impl.js:104:17)
    at HTMLUnknownElement.dispatchEvent (C:\Users\dgper\Proyectos\ZeroCode\node_modules\jsdom\lib\jsdom\living\generated\EventTarget.js:241:34)
    at Object.invokeGuardedCallbackDev (C:\Users\dgper\Proyectos\ZeroCode\node_modules\react-dom\cjs\react-dom.development.js:4213:16)
    at invokeGuardedCallback (C:\Users\dgper\Proyectos\ZeroCode\node_modules\react-dom\cjs\react-dom.development.js:4277:31)
    at beginWork$1 (C:\Users\dgper\Proyectos\ZeroCode\node_modules\react-dom\cjs\react-dom.development.js:27490:7)
    at performUnitOfWork (C:\Users\dgper\Proyectos\ZeroCode\node_modules\react-dom\cjs\react-dom.development.js:26599:12) Error: useNavigate() may be used only in the context of a <Router> component.
    at invariant (file:///C:/Users/dgper/Proyectos/ZeroCode/node_modules/react-router/dist/development/chunk-JZWAC4HX.mjs:188:11)
    at useNavigateUnstable (file:///C:/Users/dgper/Proyectos/ZeroCode/node_modules/react-router/dist/development/chunk-JZWAC4HX.mjs:5556:3)
    at Proxy.useNavigate (file:///C:/Users/dgper/Proyectos/ZeroCode/node_modules/react-router/dist/development/chunk-JZWAC4HX.mjs:5553:46)
    at Navbar (C:\Users\dgper\Proyectos\ZeroCode\src\components\layout\Navbar.tsx:32:19)
    at renderWithHooks (C:\Users\dgper\Proyectos\ZeroCode\node_modules\react-dom\cjs\react-dom.development.js:15486:18)
    at mountIndeterminateComponent (C:\Users\dgper\Proyectos\ZeroCode\node_modules\react-dom\cjs\react-dom.development.js:20103:13)
    at beginWork (C:\Users\dgper\Proyectos\ZeroCode\node_modules\react-dom\cjs\react-dom.development.js:21626:16)
    at HTMLUnknownElement.callCallback (C:\Users\dgper\Proyectos\ZeroCode\node_modules\react-dom\cjs\react-dom.development.js:4164:14)
    at HTMLUnknownElement.callTheUserObjectsOperation (C:\Users\dgper\Proyectos\ZeroCode\node_modules\jsdom\lib\jsdom\living\generated\EventListener.js:26:30)
    at innerInvokeEventListeners (C:\Users\dgper\Proyectos\ZeroCode\node_modules\jsdom\lib\jsdom\living\events\EventTarget-impl.js:350:25)
Error: Uncaught [Error: useNavigate() may be used only in the context of a <Router> component.]
    at reportException (C:\Users\dgper\Proyectos\ZeroCode\node_modules\jsdom\lib\jsdom\living\helpers\runtime-script-errors.js:66:24)
    at innerInvokeEventListeners (C:\Users\dgper\Proyectos\ZeroCode\node_modules\jsdom\lib\jsdom\living\events\EventTarget-impl.js:353:9)
    at invokeEventListeners (C:\Users\dgper\Proyectos\ZeroCode\node_modules\jsdom\lib\jsdom\living\events\EventTarget-impl.js:286:3)
    at HTMLUnknownElementImpl._dispatch (C:\Users\dgper\Proyectos\ZeroCode\node_modules\jsdom\lib\jsdom\living\events\EventTarget-impl.js:233:9)
    at HTMLUnknownElementImpl.dispatchEvent (C:\Users\dgper\Proyectos\ZeroCode\node_modules\jsdom\lib\jsdom\living\events\EventTarget-impl.js:104:17)
    at HTMLUnknownElement.dispatchEvent (C:\Users\dgper\Proyectos\ZeroCode\node_modules\jsdom\lib\jsdom\living\generated\EventTarget.js:241:34)
    at Object.invokeGuardedCallbackDev (C:\Users\dgper\Proyectos\ZeroCode\node_modules\react-dom\cjs\react-dom.development.js:4213:16)
    at invokeGuardedCallback (C:\Users\dgper\Proyectos\ZeroCode\node_modules\react-dom\cjs\react-dom.development.js:4277:31)
    at beginWork$1 (C:\Users\dgper\Proyectos\ZeroCode\node_modules\react-dom\cjs\react-dom.development.js:27490:7)
    at performUnitOfWork (C:\Users\dgper\Proyectos\ZeroCode\node_modules\react-dom\cjs\react-dom.development.js:26599:12) Error: useNavigate() may be used only in the context of a <Router> component.
    at invariant (file:///C:/Users/dgper/Proyectos/ZeroCode/node_modules/react-router/dist/development/chunk-JZWAC4HX.mjs:188:11)
    at useNavigateUnstable (file:///C:/Users/dgper/Proyectos/ZeroCode/node_modules/react-router/dist/development/chunk-JZWAC4HX.mjs:5556:3)
    at Proxy.useNavigate (file:///C:/Users/dgper/Proyectos/ZeroCode/node_modules/react-router/dist/development/chunk-JZWAC4HX.mjs:5553:46)
    at Navbar (C:\Users\dgper\Proyectos\ZeroCode\src\components\layout\Navbar.tsx:32:19)
    at renderWithHooks (C:\Users\dgper\Proyectos\ZeroCode\node_modules\react-dom\cjs\react-dom.development.js:15486:18)
    at mountIndeterminateComponent (C:\Users\dgper\Proyectos\ZeroCode\node_modules\react-dom\cjs\react-dom.development.js:20103:13)
    at beginWork (C:\Users\dgper\Proyectos\ZeroCode\node_modules\react-dom\cjs\react-dom.development.js:21626:16)
    at HTMLUnknownElement.callCallback (C:\Users\dgper\Proyectos\ZeroCode\node_modules\react-dom\cjs\react-dom.development.js:4164:14)
    at HTMLUnknownElement.callTheUserObjectsOperation (C:\Users\dgper\Proyectos\ZeroCode\node_modules\jsdom\lib\jsdom\living\generated\EventListener.js:26:30)
    at innerInvokeEventListeners (C:\Users\dgper\Proyectos\ZeroCode\node_modules\jsdom\lib\jsdom\living\events\EventTarget-impl.js:350:25)
The above error occurred in the <Navbar> component:

    at Navbar (C:\Users\dgper\Proyectos\ZeroCode\src\components\layout\Navbar.tsx:30:42)
    at I18nextProvider (file:///C:/Users/dgper/Proyectos/ZeroCode/node_modules/react-i18next/dist/es/I18nextProvider.js:4:3)
    at TestWrapper (C:\Users\dgper\Proyectos\ZeroCode\tests\accessibility.test.tsx:17:24)

Consider adding an error boundary to your tree to customize error handling behavior.
Visit https://reactjs.org/link/error-boundaries to learn more about error boundaries.

stderr | tests/accessibility.test.tsx > Accessibility Tests > Navbar > has accessible mobile menu button
Error: Uncaught [Error: useNavigate() may be used only in the context of a <Router> component.]
    at reportException (C:\Users\dgper\Proyectos\ZeroCode\node_modules\jsdom\lib\jsdom\living\helpers\runtime-script-errors.js:66:24)
    at innerInvokeEventListeners (C:\Users\dgper\Proyectos\ZeroCode\node_modules\jsdom\lib\jsdom\living\events\EventTarget-impl.js:353:9)
    at invokeEventListeners (C:\Users\dgper\Proyectos\ZeroCode\node_modules\jsdom\lib\jsdom\living\events\EventTarget-impl.js:286:3)
    at HTMLUnknownElementImpl._dispatch (C:\Users\dgper\Proyectos\ZeroCode\node_modules\jsdom\lib\jsdom\living\events\EventTarget-impl.js:233:9)
    at HTMLUnknownElementImpl.dispatchEvent (C:\Users\dgper\Proyectos\ZeroCode\node_modules\jsdom\lib\jsdom\living\events\EventTarget-impl.js:104:17)
    at HTMLUnknownElement.dispatchEvent (C:\Users\dgper\Proyectos\ZeroCode\node_modules\jsdom\lib\jsdom\living\generated\EventTarget.js:241:34)
    at Object.invokeGuardedCallbackDev (C:\Users\dgper\Proyectos\ZeroCode\node_modules\react-dom\cjs\react-dom.development.js:4213:16)
    at invokeGuardedCallback (C:\Users\dgper\Proyectos\ZeroCode\node_modules\react-dom\cjs\react-dom.development.js:4277:31)
    at beginWork$1 (C:\Users\dgper\Proyectos\ZeroCode\node_modules\react-dom\cjs\react-dom.development.js:27490:7)
    at performUnitOfWork (C:\Users\dgper\Proyectos\ZeroCode\node_modules\react-dom\cjs\react-dom.development.js:26599:12) Error: useNavigate() may be used only in the context of a <Router> component.
    at invariant (file:///C:/Users/dgper/Proyectos/ZeroCode/node_modules/react-router/dist/development/chunk-JZWAC4HX.mjs:188:11)
    at useNavigateUnstable (file:///C:/Users/dgper/Proyectos/ZeroCode/node_modules/react-router/dist/development/chunk-JZWAC4HX.mjs:5556:3)
    at Proxy.useNavigate (file:///C:/Users/dgper/Proyectos/ZeroCode/node_modules/react-router/dist/development/chunk-JZWAC4HX.mjs:5553:46)
    at Navbar (C:\Users\dgper\Proyectos\ZeroCode\src\components\layout\Navbar.tsx:32:19)
    at renderWithHooks (C:\Users\dgper\Proyectos\ZeroCode\node_modules\react-dom\cjs\react-dom.development.js:15486:18)
    at mountIndeterminateComponent (C:\Users\dgper\Proyectos\ZeroCode\node_modules\react-dom\cjs\react-dom.development.js:20103:13)
    at beginWork (C:\Users\dgper\Proyectos\ZeroCode\node_modules\react-dom\cjs\react-dom.development.js:21626:16)
    at HTMLUnknownElement.callCallback (C:\Users\dgper\Proyectos\ZeroCode\node_modules\react-dom\cjs\react-dom.development.js:4164:14)
    at HTMLUnknownElement.callTheUserObjectsOperation (C:\Users\dgper\Proyectos\ZeroCode\node_modules\jsdom\lib\jsdom\living\generated\EventListener.js:26:30)
    at innerInvokeEventListeners (C:\Users\dgper\Proyectos\ZeroCode\node_modules\jsdom\lib\jsdom\living\events\EventTarget-impl.js:350:25)
Error: Uncaught [Error: useNavigate() may be used only in the context of a <Router> component.]
    at reportException (C:\Users\dgper\Proyectos\ZeroCode\node_modules\jsdom\lib\jsdom\living\helpers\runtime-script-errors.js:66:24)
    at innerInvokeEventListeners (C:\Users\dgper\Proyectos\ZeroCode\node_modules\jsdom\lib\jsdom\living\events\EventTarget-impl.js:353:9)
    at invokeEventListeners (C:\Users\dgper\Proyectos\ZeroCode\node_modules\jsdom\lib\jsdom\living\events\EventTarget-impl.js:286:3)
    at HTMLUnknownElementImpl._dispatch (C:\Users\dgper\Proyectos\ZeroCode\node_modules\jsdom\lib\jsdom\living\events\EventTarget-impl.js:233:9)
    at HTMLUnknownElementImpl.dispatchEvent (C:\Users\dgper\Proyectos\ZeroCode\node_modules\jsdom\lib\jsdom\living\events\EventTarget-impl.js:104:17)
    at HTMLUnknownElement.dispatchEvent (C:\Users\dgper\Proyectos\ZeroCode\node_modules\jsdom\lib\jsdom\living\generated\EventTarget.js:241:34)
    at Object.invokeGuardedCallbackDev (C:\Users\dgper\Proyectos\ZeroCode\node_modules\react-dom\cjs\react-dom.development.js:4213:16)
    at invokeGuardedCallback (C:\Users\dgper\Proyectos\ZeroCode\node_modules\react-dom\cjs\react-dom.development.js:4277:31)
    at beginWork$1 (C:\Users\dgper\Proyectos\ZeroCode\node_modules\react-dom\cjs\react-dom.development.js:27490:7)
    at performUnitOfWork (C:\Users\dgper\Proyectos\ZeroCode\node_modules\react-dom\cjs\react-dom.development.js:26599:12) Error: useNavigate() may be used only in the context of a <Router> component.
    at invariant (file:///C:/Users/dgper/Proyectos/ZeroCode/node_modules/react-router/dist/development/chunk-JZWAC4HX.mjs:188:11)
    at useNavigateUnstable (file:///C:/Users/dgper/Proyectos/ZeroCode/node_modules/react-router/dist/development/chunk-JZWAC4HX.mjs:5556:3)
    at Proxy.useNavigate (file:///C:/Users/dgper/Proyectos/ZeroCode/node_modules/react-router/dist/development/chunk-JZWAC4HX.mjs:5553:46)
    at Navbar (C:\Users\dgper\Proyectos\ZeroCode\src\components\layout\Navbar.tsx:32:19)
    at renderWithHooks (C:\Users\dgper\Proyectos\ZeroCode\node_modules\react-dom\cjs\react-dom.development.js:15486:18)
    at mountIndeterminateComponent (C:\Users\dgper\Proyectos\ZeroCode\node_modules\react-dom\cjs\react-dom.development.js:20103:13)
    at beginWork (C:\Users\dgper\Proyectos\ZeroCode\node_modules\react-dom\cjs\react-dom.development.js:21626:16)
    at HTMLUnknownElement.callCallback (C:\Users\dgper\Proyectos\ZeroCode\node_modules\react-dom\cjs\react-dom.development.js:4164:14)
    at HTMLUnknownElement.callTheUserObjectsOperation (C:\Users\dgper\Proyectos\ZeroCode\node_modules\jsdom\lib\jsdom\living\generated\EventListener.js:26:30)
    at innerInvokeEventListeners (C:\Users\dgper\Proyectos\ZeroCode\node_modules\jsdom\lib\jsdom\living\events\EventTarget-impl.js:350:25)
The above error occurred in the <Navbar> component:

    at Navbar (C:\Users\dgper\Proyectos\ZeroCode\src\components\layout\Navbar.tsx:30:42)
    at I18nextProvider (file:///C:/Users/dgper/Proyectos/ZeroCode/node_modules/react-i18next/dist/es/I18nextProvider.js:4:3)
    at TestWrapper (C:\Users\dgper\Proyectos\ZeroCode\tests\accessibility.test.tsx:17:24)

Consider adding an error boundary to your tree to customize error handling behavior.
Visit https://reactjs.org/link/error-boundaries to learn more about error boundaries.

stderr | tests/accessibility.test.tsx > Accessibility Tests > Footer > has accessible scroll to top button
Error: Uncaught [Error: useNavigate() may be used only in the context of a <Router> component.]
    at reportException (C:\Users\dgper\Proyectos\ZeroCode\node_modules\jsdom\lib\jsdom\living\helpers\runtime-script-errors.js:66:24)
    at innerInvokeEventListeners (C:\Users\dgper\Proyectos\ZeroCode\node_modules\jsdom\lib\jsdom\living\events\EventTarget-impl.js:353:9)
    at invokeEventListeners (C:\Users\dgper\Proyectos\ZeroCode\node_modules\jsdom\lib\jsdom\living\events\EventTarget-impl.js:286:3)
    at HTMLUnknownElementImpl._dispatch (C:\Users\dgper\Proyectos\ZeroCode\node_modules\jsdom\lib\jsdom\living\events\EventTarget-impl.js:233:9)
    at HTMLUnknownElementImpl.dispatchEvent (C:\Users\dgper\Proyectos\ZeroCode\node_modules\jsdom\lib\jsdom\living\events\EventTarget-impl.js:104:17)
    at HTMLUnknownElement.dispatchEvent (C:\Users\dgper\Proyectos\ZeroCode\node_modules\jsdom\lib\jsdom\living\generated\EventTarget.js:241:34)
    at Object.invokeGuardedCallbackDev (C:\Users\dgper\Proyectos\ZeroCode\node_modules\react-dom\cjs\react-dom.development.js:4213:16)
    at invokeGuardedCallback (C:\Users\dgper\Proyectos\ZeroCode\node_modules\react-dom\cjs\react-dom.development.js:4277:31)
    at beginWork$1 (C:\Users\dgper\Proyectos\ZeroCode\node_modules\react-dom\cjs\react-dom.development.js:27490:7)
    at performUnitOfWork (C:\Users\dgper\Proyectos\ZeroCode\node_modules\react-dom\cjs\react-dom.development.js:26599:12) Error: useNavigate() may be used only in the context of a <Router> component.
    at invariant (file:///C:/Users/dgper/Proyectos/ZeroCode/node_modules/react-router/dist/development/chunk-JZWAC4HX.mjs:188:11)
    at useNavigateUnstable (file:///C:/Users/dgper/Proyectos/ZeroCode/node_modules/react-router/dist/development/chunk-JZWAC4HX.mjs:5556:3)
    at Proxy.useNavigate (file:///C:/Users/dgper/Proyectos/ZeroCode/node_modules/react-router/dist/development/chunk-JZWAC4HX.mjs:5553:46)
    at Footer (C:\Users\dgper\Proyectos\ZeroCode\src\components\layout\Footer.tsx:22:19)
    at renderWithHooks (C:\Users\dgper\Proyectos\ZeroCode\node_modules\react-dom\cjs\react-dom.development.js:15486:18)
    at mountIndeterminateComponent (C:\Users\dgper\Proyectos\ZeroCode\node_modules\react-dom\cjs\react-dom.development.js:20103:13)
    at beginWork (C:\Users\dgper\Proyectos\ZeroCode\node_modules\react-dom\cjs\react-dom.development.js:21626:16)
    at HTMLUnknownElement.callCallback (C:\Users\dgper\Proyectos\ZeroCode\node_modules\react-dom\cjs\react-dom.development.js:4164:14)
    at HTMLUnknownElement.callTheUserObjectsOperation (C:\Users\dgper\Proyectos\ZeroCode\node_modules\jsdom\lib\jsdom\living\generated\EventListener.js:26:30)
    at innerInvokeEventListeners (C:\Users\dgper\Proyectos\ZeroCode\node_modules\jsdom\lib\jsdom\living\events\EventTarget-impl.js:350:25)
Error: Uncaught [Error: useNavigate() may be used only in the context of a <Router> component.]
    at reportException (C:\Users\dgper\Proyectos\ZeroCode\node_modules\jsdom\lib\jsdom\living\helpers\runtime-script-errors.js:66:24)
    at innerInvokeEventListeners (C:\Users\dgper\Proyectos\ZeroCode\node_modules\jsdom\lib\jsdom\living\events\EventTarget-impl.js:353:9)
    at invokeEventListeners (C:\Users\dgper\Proyectos\ZeroCode\node_modules\jsdom\lib\jsdom\living\events\EventTarget-impl.js:286:3)
    at HTMLUnknownElementImpl._dispatch (C:\Users\dgper\Proyectos\ZeroCode\node_modules\jsdom\lib\jsdom\living\events\EventTarget-impl.js:233:9)
    at HTMLUnknownElementImpl.dispatchEvent (C:\Users\dgper\Proyectos\ZeroCode\node_modules\jsdom\lib\jsdom\living\events\EventTarget-impl.js:104:17)
    at HTMLUnknownElement.dispatchEvent (C:\Users\dgper\Proyectos\ZeroCode\node_modules\jsdom\lib\jsdom\living\generated\EventTarget.js:241:34)
    at Object.invokeGuardedCallbackDev (C:\Users\dgper\Proyectos\ZeroCode\node_modules\react-dom\cjs\react-dom.development.js:4213:16)
    at invokeGuardedCallback (C:\Users\dgper\Proyectos\ZeroCode\node_modules\react-dom\cjs\react-dom.development.js:4277:31)
    at beginWork$1 (C:\Users\dgper\Proyectos\ZeroCode\node_modules\react-dom\cjs\react-dom.development.js:27490:7)
    at performUnitOfWork (C:\Users\dgper\Proyectos\ZeroCode\node_modules\react-dom\cjs\react-dom.development.js:26599:12) Error: useNavigate() may be used only in the context of a <Router> component.
    at invariant (file:///C:/Users/dgper/Proyectos/ZeroCode/node_modules/react-router/dist/development/chunk-JZWAC4HX.mjs:188:11)
    at useNavigateUnstable (file:///C:/Users/dgper/Proyectos/ZeroCode/node_modules/react-router/dist/development/chunk-JZWAC4HX.mjs:5556:3)
    at Proxy.useNavigate (file:///C:/Users/dgper/Proyectos/ZeroCode/node_modules/react-router/dist/development/chunk-JZWAC4HX.mjs:5553:46)
    at Footer (C:\Users\dgper\Proyectos\ZeroCode\src\components\layout\Footer.tsx:22:19)
    at renderWithHooks (C:\Users\dgper\Proyectos\ZeroCode\node_modules\react-dom\cjs\react-dom.development.js:15486:18)
    at mountIndeterminateComponent (C:\Users\dgper\Proyectos\ZeroCode\node_modules\react-dom\cjs\react-dom.development.js:20103:13)
    at beginWork (C:\Users\dgper\Proyectos\ZeroCode\node_modules\react-dom\cjs\react-dom.development.js:21626:16)
    at HTMLUnknownElement.callCallback (C:\Users\dgper\Proyectos\ZeroCode\node_modules\react-dom\cjs\react-dom.development.js:4164:14)
    at HTMLUnknownElement.callTheUserObjectsOperation (C:\Users\dgper\Proyectos\ZeroCode\node_modules\jsdom\lib\jsdom\living\generated\EventListener.js:26:30)
    at innerInvokeEventListeners (C:\Users\dgper\Proyectos\ZeroCode\node_modules\jsdom\lib\jsdom\living\events\EventTarget-impl.js:350:25)
The above error occurred in the <Footer> component:

    at Footer (C:\Users\dgper\Proyectos\ZeroCode\src\components\layout\Footer.tsx:26:42)
    at I18nextProvider (file:///C:/Users/dgper/Proyectos/ZeroCode/node_modules/react-i18next/dist/es/I18nextProvider.js:4:3)
    at TestWrapper (C:\Users\dgper\Proyectos\ZeroCode\tests\accessibility.test.tsx:17:24)

Consider adding an error boundary to your tree to customize error handling behavior.
Visit https://reactjs.org/link/error-boundaries to learn more about error boundaries.

stderr | tests/accessibility.test.tsx > Accessibility Tests > Footer > has accessible social links
Error: Uncaught [Error: useNavigate() may be used only in the context of a <Router> component.]
    at reportException (C:\Users\dgper\Proyectos\ZeroCode\node_modules\jsdom\lib\jsdom\living\helpers\runtime-script-errors.js:66:24)
    at innerInvokeEventListeners (C:\Users\dgper\Proyectos\ZeroCode\node_modules\jsdom\lib\jsdom\living\events\EventTarget-impl.js:353:9)
    at invokeEventListeners (C:\Users\dgper\Proyectos\ZeroCode\node_modules\jsdom\lib\jsdom\living\events\EventTarget-impl.js:286:3)
    at HTMLUnknownElementImpl._dispatch (C:\Users\dgper\Proyectos\ZeroCode\node_modules\jsdom\lib\jsdom\living\events\EventTarget-impl.js:233:9)
    at HTMLUnknownElementImpl.dispatchEvent (C:\Users\dgper\Proyectos\ZeroCode\node_modules\jsdom\lib\jsdom\living\events\EventTarget-impl.js:104:17)
    at HTMLUnknownElement.dispatchEvent (C:\Users\dgper\Proyectos\ZeroCode\node_modules\jsdom\lib\jsdom\living\generated\EventTarget.js:241:34)
    at Object.invokeGuardedCallbackDev (C:\Users\dgper\Proyectos\ZeroCode\node_modules\react-dom\cjs\react-dom.development.js:4213:16)
    at invokeGuardedCallback (C:\Users\dgper\Proyectos\ZeroCode\node_modules\react-dom\cjs\react-dom.development.js:4277:31)
    at beginWork$1 (C:\Users\dgper\Proyectos\ZeroCode\node_modules\react-dom\cjs\react-dom.development.js:27490:7)
    at performUnitOfWork (C:\Users\dgper\Proyectos\ZeroCode\node_modules\react-dom\cjs\react-dom.development.js:26599:12) Error: useNavigate() may be used only in the context of a <Router> component.
    at invariant (file:///C:/Users/dgper/Proyectos/ZeroCode/node_modules/react-router/dist/development/chunk-JZWAC4HX.mjs:188:11)
    at useNavigateUnstable (file:///C:/Users/dgper/Proyectos/ZeroCode/node_modules/react-router/dist/development/chunk-JZWAC4HX.mjs:5556:3)
    at Proxy.useNavigate (file:///C:/Users/dgper/Proyectos/ZeroCode/node_modules/react-router/dist/development/chunk-JZWAC4HX.mjs:5553:46)
    at Footer (C:\Users\dgper\Proyectos\ZeroCode\src\components\layout\Footer.tsx:22:19)
    at renderWithHooks (C:\Users\dgper\Proyectos\ZeroCode\node_modules\react-dom\cjs\react-dom.development.js:15486:18)
    at mountIndeterminateComponent (C:\Users\dgper\Proyectos\ZeroCode\node_modules\react-dom\cjs\react-dom.development.js:20103:13)
    at beginWork (C:\Users\dgper\Proyectos\ZeroCode\node_modules\react-dom\cjs\react-dom.development.js:21626:16)
    at HTMLUnknownElement.callCallback (C:\Users\dgper\Proyectos\ZeroCode\node_modules\react-dom\cjs\react-dom.development.js:4164:14)
    at HTMLUnknownElement.callTheUserObjectsOperation (C:\Users\dgper\Proyectos\ZeroCode\node_modules\jsdom\lib\jsdom\living\generated\EventListener.js:26:30)
    at innerInvokeEventListeners (C:\Users\dgper\Proyectos\ZeroCode\node_modules\jsdom\lib\jsdom\living\events\EventTarget-impl.js:350:25)
Error: Uncaught [Error: useNavigate() may be used only in the context of a <Router> component.]
    at reportException (C:\Users\dgper\Proyectos\ZeroCode\node_modules\jsdom\lib\jsdom\living\helpers\runtime-script-errors.js:66:24)
    at innerInvokeEventListeners (C:\Users\dgper\Proyectos\ZeroCode\node_modules\jsdom\lib\jsdom\living\events\EventTarget-impl.js:353:9)
    at invokeEventListeners (C:\Users\dgper\Proyectos\ZeroCode\node_modules\jsdom\lib\jsdom\living\events\EventTarget-impl.js:286:3)
    at HTMLUnknownElementImpl._dispatch (C:\Users\dgper\Proyectos\ZeroCode\node_modules\jsdom\lib\jsdom\living\events\EventTarget-impl.js:233:9)
    at HTMLUnknownElementImpl.dispatchEvent (C:\Users\dgper\Proyectos\ZeroCode\node_modules\jsdom\lib\jsdom\living\events\EventTarget-impl.js:104:17)
    at HTMLUnknownElement.dispatchEvent (C:\Users\dgper\Proyectos\ZeroCode\node_modules\jsdom\lib\jsdom\living\generated\EventTarget.js:241:34)
    at Object.invokeGuardedCallbackDev (C:\Users\dgper\Proyectos\ZeroCode\node_modules\react-dom\cjs\react-dom.development.js:4213:16)
    at invokeGuardedCallback (C:\Users\dgper\Proyectos\ZeroCode\node_modules\react-dom\cjs\react-dom.development.js:4277:31)
    at beginWork$1 (C:\Users\dgper\Proyectos\ZeroCode\node_modules\react-dom\cjs\react-dom.development.js:27490:7)
    at performUnitOfWork (C:\Users\dgper\Proyectos\ZeroCode\node_modules\react-dom\cjs\react-dom.development.js:26599:12) Error: useNavigate() may be used only in the context of a <Router> component.
    at invariant (file:///C:/Users/dgper/Proyectos/ZeroCode/node_modules/react-router/dist/development/chunk-JZWAC4HX.mjs:188:11)
    at useNavigateUnstable (file:///C:/Users/dgper/Proyectos/ZeroCode/node_modules/react-router/dist/development/chunk-JZWAC4HX.mjs:5556:3)
    at Proxy.useNavigate (file:///C:/Users/dgper/Proyectos/ZeroCode/node_modules/react-router/dist/development/chunk-JZWAC4HX.mjs:5553:46)
    at Footer (C:\Users\dgper\Proyectos\ZeroCode\src\components\layout\Footer.tsx:22:19)
    at renderWithHooks (C:\Users\dgper\Proyectos\ZeroCode\node_modules\react-dom\cjs\react-dom.development.js:15486:18)
    at mountIndeterminateComponent (C:\Users\dgper\Proyectos\ZeroCode\node_modules\react-dom\cjs\react-dom.development.js:20103:13)
    at beginWork (C:\Users\dgper\Proyectos\ZeroCode\node_modules\react-dom\cjs\react-dom.development.js:21626:16)
    at HTMLUnknownElement.callCallback (C:\Users\dgper\Proyectos\ZeroCode\node_modules\react-dom\cjs\react-dom.development.js:4164:14)
    at HTMLUnknownElement.callTheUserObjectsOperation (C:\Users\dgper\Proyectos\ZeroCode\node_modules\jsdom\lib\jsdom\living\generated\EventListener.js:26:30)
    at innerInvokeEventListeners (C:\Users\dgper\Proyectos\ZeroCode\node_modules\jsdom\lib\jsdom\living\events\EventTarget-impl.js:350:25)
The above error occurred in the <Footer> component:

    at Footer (C:\Users\dgper\Proyectos\ZeroCode\src\components\layout\Footer.tsx:26:42)
    at I18nextProvider (file:///C:/Users/dgper/Proyectos/ZeroCode/node_modules/react-i18next/dist/es/I18nextProvider.js:4:3)
    at TestWrapper (C:\Users\dgper\Proyectos\ZeroCode\tests\accessibility.test.tsx:17:24)

Consider adding an error boundary to your tree to customize error handling behavior.
Visit https://reactjs.org/link/error-boundaries to learn more about error boundaries.

stderr | tests/accessibility.test.tsx > Accessibility Tests > Contact Form > has properly labeled form inputs
Warning: React does not recognize the `whileInView` prop on a DOM element. If you intentionally want it to appear in the DOM as a custom attribute, spell it as lowercase `whileinview` instead. If you accidentally passed it from a parent component, remove it from the DOM element.
    at div
    at div (C:\Users\dgper\Proyectos\ZeroCode\tests\setup.tsx:4:13)
    at div
    at div
    at section
    at Contact (C:\Users\dgper\Proyectos\ZeroCode\src\components\sections\Contact.tsx:47:39)
    at I18nextProvider (file:///C:/Users/dgper/Proyectos/ZeroCode/node_modules/react-i18next/dist/es/I18nextProvider.js:4:3)
    at TestWrapper (C:\Users\dgper\Proyectos\ZeroCode\tests\accessibility.test.tsx:17:24)
Warning: React does not recognize the `whileHover` prop on a DOM element. If you intentionally want it to appear in the DOM as a custom attribute, spell it as lowercase `whilehover` instead. If you accidentally passed it from a parent component, remove it from the DOM element.
    at button
    at button (C:\Users\dgper\Proyectos\ZeroCode\tests\setup.tsx:54:16)
    at C:\Users\dgper\Proyectos\ZeroCode\src\components\ui\Button.tsx:22:5
    at div
    at form
    at div
    at div (C:\Users\dgper\Proyectos\ZeroCode\tests\setup.tsx:4:13)
    at div
    at div
    at section
    at Contact (C:\Users\dgper\Proyectos\ZeroCode\src\components\sections\Contact.tsx:47:39)
    at I18nextProvider (file:///C:/Users/dgper/Proyectos/ZeroCode/node_modules/react-i18next/dist/es/I18nextProvider.js:4:3)
    at TestWrapper (C:\Users\dgper\Proyectos\ZeroCode\tests\accessibility.test.tsx:17:24)
Warning: React does not recognize the `whileTap` prop on a DOM element. If you intentionally want it to appear in the DOM as a custom attribute, spell it as lowercase `whiletap` instead. If you accidentally passed it from a parent component, remove it from the DOM element.
    at button
    at button (C:\Users\dgper\Proyectos\ZeroCode\tests\setup.tsx:54:16)
    at C:\Users\dgper\Proyectos\ZeroCode\src\components\ui\Button.tsx:22:5
    at div
    at form
    at div
    at div (C:\Users\dgper\Proyectos\ZeroCode\tests\setup.tsx:4:13)
    at div
    at div
    at section
    at Contact (C:\Users\dgper\Proyectos\ZeroCode\src\components\sections\Contact.tsx:47:39)
    at I18nextProvider (file:///C:/Users/dgper/Proyectos/ZeroCode/node_modules/react-i18next/dist/es/I18nextProvider.js:4:3)
    at TestWrapper (C:\Users\dgper\Proyectos\ZeroCode\tests\accessibility.test.tsx:17:24)

 [32mÔ£ô[39m tests/sections.test.tsx [2m ([22m[2m5 tests[22m[2m)[22m[90m 265[2mms[22m[39m
stderr | tests/sections.test.tsx > Portfolio Sections Render > Hero section renders with main heading
Warning: React does not recognize the `whileHover` prop on a DOM element. If you intentionally want it to appear in the DOM as a custom attribute, spell it as lowercase `whilehover` instead. If you accidentally passed it from a parent component, remove it from the DOM element.
    at button
    at button (C:\Users\dgper\Proyectos\ZeroCode\tests\setup.tsx:54:16)
    at div
    at div (C:\Users\dgper\Proyectos\ZeroCode\tests\setup.tsx:4:13)
    at div
    at div (C:\Users\dgper\Proyectos\ZeroCode\tests\setup.tsx:4:13)
    at div
    at div
    at section
    at Hero (C:\Users\dgper\Proyectos\ZeroCode\src\components\sections\Hero.tsx:25:39)
    at I18nextProvider (file:///C:/Users/dgper/Proyectos/ZeroCode/node_modules/react-i18next/dist/es/I18nextProvider.js:4:3)
    at TestWrapper (C:\Users\dgper\Proyectos\ZeroCode\tests\sections.test.tsx:21:24)
Warning: React does not recognize the `whileTap` prop on a DOM element. If you intentionally want it to appear in the DOM as a custom attribute, spell it as lowercase `whiletap` instead. If you accidentally passed it from a parent component, remove it from the DOM element.
    at button
    at button (C:\Users\dgper\Proyectos\ZeroCode\tests\setup.tsx:54:16)
    at div
    at div (C:\Users\dgper\Proyectos\ZeroCode\tests\setup.tsx:4:13)
    at div
    at div (C:\Users\dgper\Proyectos\ZeroCode\tests\setup.tsx:4:13)
    at div
    at div
    at section
    at Hero (C:\Users\dgper\Proyectos\ZeroCode\src\components\sections\Hero.tsx:25:39)
    at I18nextProvider (file:///C:/Users/dgper/Proyectos/ZeroCode/node_modules/react-i18next/dist/es/I18nextProvider.js:4:3)
    at TestWrapper (C:\Users\dgper\Proyectos\ZeroCode\tests\sections.test.tsx:21:24)

stderr | tests/sections.test.tsx > Portfolio Sections Render > About section renders with correct content
Warning: React does not recognize the `whileInView` prop on a DOM element. If you intentionally want it to appear in the DOM as a custom attribute, spell it as lowercase `whileinview` instead. If you accidentally passed it from a parent component, remove it from the DOM element.
    at div
    at div (C:\Users\dgper\Proyectos\ZeroCode\tests\setup.tsx:4:13)
    at div
    at section
    at About
    at I18nextProvider (file:///C:/Users/dgper/Proyectos/ZeroCode/node_modules/react-i18next/dist/es/I18nextProvider.js:4:3)
    at TestWrapper (C:\Users\dgper\Proyectos\ZeroCode\tests\sections.test.tsx:21:24)

stderr | tests/sections.test.tsx > Portfolio Sections Render > Skills section renders with heading and content
The width(-1) and height(-1) of chart should be greater than 0,
       please check the style of container, or the props width(100%) and height(100%),
       or add a minWidth(0) or minHeight(undefined) or use aspect(undefined) to control the
       height and width.
The width(0) and height(0) of chart should be greater than 0,
       please check the style of container, or the props width(100%) and height(100%),
       or add a minWidth(0) or minHeight(undefined) or use aspect(undefined) to control the
       height and width.

[90mstdout[2m | src/features/projects/analytics/tests/dashboard.test.tsx[2m > [22m[2mDashboardPage[2m > [22m[2mshows loading skeletons initially[22m[39m
Generating mock data for range: 7d, segment: all

stderr | src/features/projects/analytics/tests/dashboard.test.tsx > DashboardPage > shows loading skeletons initially
Warning: React does not recognize the `layoutId` prop on a DOM element. If you intentionally want it to appear in the DOM as a custom attribute, spell it as lowercase `layoutid` instead. If you accidentally passed it from a parent component, remove it from the DOM element.
    at div
    at div (C:\Users\dgper\Proyectos\ZeroCode\tests\setup.tsx:4:13)
    at button
    at div
    at div
    at header
    at div
    at div
    at DashboardPage (C:\Users\dgper\Proyectos\ZeroCode\src\features\projects\analytics\pages\DashboardPage.tsx:36:51)
    at Router (file:///C:/Users/dgper/Proyectos/ZeroCode/node_modules/react-router/dist/development/chunk-JZWAC4HX.mjs:6594:13)
    at MemoryRouter (file:///C:/Users/dgper/Proyectos/ZeroCode/node_modules/react-router/dist/development/chunk-JZWAC4HX.mjs:6510:3)
[90mstdout[2m | src/features/projects/analytics/tests/dashboard.test.tsx[2m > [22m[2mDashboardPage[2m > [22m[2mrenders login screen by default[22m[39m
Generating mock data for range: 7d, segment: all

    at QueryClientProvider (file:///C:/Users/dgper/Proyectos/ZeroCode/node_modules/@tanstack/react-query/build/modern/QueryClientProvider.js:20:3)
    at C:\Users\dgper\Proyectos\ZeroCode\src\features\projects\analytics\tests\dashboard.test.tsx:34:13

[90mstdout[2m | src/features/projects/analytics/tests/dashboard.test.tsx[2m > [22m[2mDashboardPage[2m > [22m[2mrenders page structure[22m[39m
Generating mock data for range: 7d, segment: all

 [32mÔ£ô[39m src/features/projects/analytics/tests/dashboard.test.tsx [2m ([22m[2m4 tests[22m[2m)[22m[33m 340[2mms[22m[39m

ÔÄ»ÔÄ»ÔÄ»ÔÄ»ÔÄ»ÔÄ»ÔÄ» Failed Tests 4 ÔÄ»ÔÄ»ÔÄ»ÔÄ»ÔÄ»ÔÄ»ÔÄ»

 FAIL  tests/accessibility.test.tsx > Accessibility Tests > Navbar > has accessible navigation links
 FAIL  tests/accessibility.test.tsx > Accessibility Tests > Navbar > has accessible mobile menu button
Error: useNavigate() may be used only in the context of a <Router> component.
 ÔØ» invariant node_modules/react-router/dist/development/chunk-JZWAC4HX.mjs:188:11
 ÔØ» useNavigateUnstable node_modules/react-router/dist/development/chunk-JZWAC4HX.mjs:5556:3
 ÔØ» Proxy.useNavigate node_modules/react-router/dist/development/chunk-JZWAC4HX.mjs:5553:46
 ÔØ» Navbar src/components/layout/Navbar.tsx:32:19
     30| 
     31| export function Navbar() {
     32|  const navigate = useNavigate();
       |                   ^
     33|  const { i18n } = useTranslation();
     34|  const [isScrolled, setIsScrolled] = useState(false);
 ÔØ» renderWithHooks node_modules/react-dom/cjs/react-dom.development.js:15486:18
 ÔØ» mountIndeterminateComponent node_modules/react-dom/cjs/react-dom.development.js:20103:13
 ÔØ» beginWork node_modules/react-dom/cjs/react-dom.development.js:21626:16
 ÔØ» beginWork$1 node_modules/react-dom/cjs/react-dom.development.js:27465:14
 ÔØ» performUnitOfWork node_modules/react-dom/cjs/react-dom.development.js:26599:12
 ÔØ» workLoopSync node_modules/react-dom/cjs/react-dom.development.js:26505:5

ÔÄ»ÔÄ»ÔÄ»ÔÄ»ÔÄ»ÔÄ»ÔÄ»ÔÄ»ÔÄ»ÔÄ»ÔÄ»ÔÄ»ÔÄ»ÔÄ»ÔÄ»ÔÄ»ÔÄ»ÔÄ»ÔÄ»ÔÄ»ÔÄ»ÔÄ»ÔÄ»ÔÄ»[1/4]ÔÄ»

 FAIL  tests/accessibility.test.tsx > Accessibility Tests > Footer > has accessible scroll to top button
 FAIL  tests/accessibility.test.tsx > Accessibility Tests > Footer > has accessible social links
Error: useNavigate() may be used only in the context of a <Router> component.
 ÔØ» invariant node_modules/react-router/dist/development/chunk-JZWAC4HX.mjs:188:11
 ÔØ» useNavigateUnstable node_modules/react-router/dist/development/chunk-JZWAC4HX.mjs:5556:3
 ÔØ» Proxy.useNavigate node_modules/react-router/dist/development/chunk-JZWAC4HX.mjs:5553:46
 ÔØ» Footer src/components/layout/Footer.tsx:22:19
     20| 
     21| export function Footer() {
     22|  const navigate = useNavigate();
       |                   ^
     23|  const { t } = useTranslation();
     24| 
 ÔØ» renderWithHooks node_modules/react-dom/cjs/react-dom.development.js:15486:18
 ÔØ» mountIndeterminateComponent node_modules/react-dom/cjs/react-dom.development.js:20103:13
 ÔØ» beginWork node_modules/react-dom/cjs/react-dom.development.js:21626:16
 ÔØ» beginWork$1 node_modules/react-dom/cjs/react-dom.development.js:27465:14
 ÔØ» performUnitOfWork node_modules/react-dom/cjs/react-dom.development.js:26599:12
 ÔØ» workLoopSync node_modules/react-dom/cjs/react-dom.development.js:26505:5

ÔÄ»ÔÄ»ÔÄ»ÔÄ»ÔÄ»ÔÄ»ÔÄ»ÔÄ»ÔÄ»ÔÄ»ÔÄ»ÔÄ»ÔÄ»ÔÄ»ÔÄ»ÔÄ»ÔÄ»ÔÄ»ÔÄ»ÔÄ»ÔÄ»ÔÄ»ÔÄ»ÔÄ»[2/4]ÔÄ»

[2m Test Files [22m [1m[31m1 failed[39m[22m[2m | [22m[1m[32m8 passed[39m[22m[90m (9)[39m
[2m      Tests [22m [1m[31m4 failed[39m[22m[2m | [22m[1m[32m31 passed[39m[22m[90m (35)[39m
[2m   Start at [22m 23:01:40
[2m   Duration [22m 3.70s[2m (transform 1.03s, setup 4.87s, collect 4.17s, tests 1.18s, environment 8.54s, prepare 2.23s)[22m

